[    0.000000] Booting Linux on physical CPU 0x0000000000 [0x411fd070]
[    0.000000] Linux version 5.10.198-gc84748f12ae9-dirty (codespace@codespaces-76810c) (aarch64-linux-gnu-gcc (Ubuntu 13.3.0-6ubuntu2~24.04.1) 13.3.0, GNU ld (GNU Binutils for Ubuntu) 2.42) #2 SMP PREEMPT Fri Sep 25 17:38:31 UTC 2026
[    0.000000] Machine model: CVE-2024-23380 KGSL testgpu virt
[    0.000000] earlycon: pl11 at MMIO 0x0000000009000000 (options '')
[    0.000000] printk: bootconsole [pl11] enabled
[    0.635584] clk_debug_init: unable to find root clk debugfs directory, ret=0
[    2.107060] EINJ: ACPI disabled.
[    2.180901] Failed to set up IOMMU for device c008000.qcom,kgsl-smmu-v2:gfx3d_user; retaining platform DMA ops
[    2.190335] kgsl-3d c010000.gpu: _opp_is_duplicate: duplicate OPPs detected. Existing: freq: 300000000, volt: 0, enabled: 1. New: freq: 300000000, volt: 0, enabled: 1
[    2.194103] kgsl-iommu c008000.qcom,kgsl-smmu-v2: supply vddcx not found, using dummy regulator
[    2.195932] Failed to set up IOMMU for device c008000.qcom,kgsl-smmu-v2:gfx3d_user; retaining platform DMA ops
[    2.468471] cacheinfo: Unable to detect cache hierarchy for CPU 0
[    2.651458] 
[    2.651597] ********************************************************************
[    2.652058] **     NOTICE NOTICE NOTICE NOTICE NOTICE NOTICE NOTICE           **
[    2.652378] **                                                                **
[    2.652680] **  WRITEABLE clk DebugFS SUPPORT HAS BEEN ENABLED IN THIS KERNEL **
[    2.653258] **                                                                **
[    2.653636] ** This means that this kernel is built to expose clk operations  **
[    2.654087] ** such as parent or rate setting, enabling, disabling, etc.      **
[    2.654433] ** to userspace, which may compromise security on your system.    **
[    2.655166] **                                                                **
[    2.655663] ** If you see this message and you are not debugging the          **
[    2.656075] ** kernel, report this immediately to your vendor!                **
[    2.656413] **                                                                **
[    2.656854] **     NOTICE NOTICE NOTICE NOTICE NOTICE NOTICE NOTICE           **
[    2.657162] ********************************************************************
[    2.884167] NOHZ tick-stop error: Non-RCU local softirq work is pending, handler #80!!!
[    2.894297] NOHZ tick-stop error: Non-RCU local softirq work is pending, handler #80!!!
[    2.903257] NOHZ tick-stop error: Non-RCU local softirq work is pending, handler #80!!!
[    2.913047] NOHZ tick-stop error: Non-RCU local softirq work is pending, handler #80!!!

===============================================================
 CVE-2024-23380 lab  --  KGSL VBO bind UAF (CWE-416)
[    2.942081] NOHZ tick-stop error: Non-RCU local softirq work is pending, handler #80!!!
[    2.943068] NOHZ tick-stop error: Non-RCU local softirq work is pending, handler #80!!!
 kernel: 5.10.198-gc84748f12ae9-dirty  machine: aarch64
===============================================================

[    2.947258] NOHZ tick-stop error: Non-RCU local softirq work is pending, handler #80!!!
[    2.954991] NOHZ tick-stop error: Non-RCU local softirq work is pending, handler #80!!!
[    2.973880] NOHZ tick-stop error: Non-RCU local softirq work is pending, handler #80!!!
[    2.977967] NOHZ tick-stop error: Non-RCU local softirq work is pending, handler #80!!!
crw-rw----    1 root     kgsl      238,   0 Jan  1 00:00 [1;35m/dev/kgsl-3d0[m
--- launching harness as uid=10000 gid=10000 ---
===============================================================
 CVE-2024-23380  KGSL VBO bind UAF  (CWE-416)
===============================================================
 tunables: attempts=64 uaf_pages=48 start_delay_us=1000 settle_ms=300 placeholders=8 ranges=1
 uid=10000 gid=10000 euid=10000
[+] opened /dev/kgsl-3d0
[0] baseline
[    3.054910] testgpu: memwrite dst=0x4000009000 phys=0x41809000 value=0x5a5a5a5a
[    3.055411] testgpu: memwrite done phys=0x41809000 value=0x5a5a5a5a
    ok: GPU write/read round trip
    ok: VBO id=0x2 gpuaddr=0x4000040000
    ok: clean VBO bind/read (0x41414141)
[1] racing bind against unbind
[    8.186371] testgpu_ringbuffer_submitcmd: 97 callbacks suppressed
[   13.403691] testgpu_ringbuffer_submitcmd: 110 callbacks suppressed
[   18.604429] testgpu_ringbuffer_submitcmd: 110 callbacks suppressed
[   23.812363] testgpu_ringbuffer_submitcmd: 110 callbacks suppressed

===============================================================
 attempts: 64   UAF hits: 0   write-through hits: 0
 VERDICT: NO UAF OBSERVED in 64 attempts (expected on a fixed kernel; on a vulnerable kernel, increase attempts and sweep LAB_START_DELAY_US)
===============================================================
--- harness exited rc=1 ---

--- kernel log ---
[    2.205348] kgsl-3d c010000.gpu: bound c008000.qcom,kgsl-smmu-v2 (ops kgsl_mmu_component_ops)
[    2.205415] kgsl-3d c010000.gpu: bound c008000.qcom,kgsl-smmu-v2:gfx3d_user (ops kgsl_mmu_cb_component_ops)
[    2.468471] cacheinfo: Unable to detect cache hierarchy for CPU 0
[    2.513937] loop: module loaded
[    2.542233] tun: Universal TUN/TAP device driver, 1.6
[    2.545916] VFIO - User Level meta-driver version: 0.3
[    2.556719] ehci_hcd: USB 2.0 'Enhanced' Host Controller (EHCI) Driver
[    2.556970] ehci-pci: EHCI PCI platform driver
[    2.557508] ehci-platform: EHCI generic platform driver
[    2.558006] ehci-orion: EHCI orion driver
[    2.558350] ehci-exynos: EHCI Exynos driver
[    2.558714] ohci_hcd: USB 1.1 'Open' Host Controller (OHCI) Driver
[    2.558976] ohci-pci: OHCI PCI platform driver
[    2.559339] ohci-platform: OHCI generic platform driver
[    2.559680] ohci-exynos: OHCI Exynos driver
[    2.575498] i2c /dev entries driver
[    2.599633] sdhci: Secure Digital Host Controller Interface driver
[    2.599656] sdhci: Copyright(c) Pierre Ossman
[    2.601808] Synopsys Designware Multimedia Card Interface Driver
[    2.604975] sdhci-pltfm: SDHCI platform and OF driver helper
[    2.609921] ledtrig-cpu: registered to indicate activity on CPUs
[    2.618154] usbcore: registered new interface driver usbhid
[    2.618243] usbhid: USB HID core driver
[    2.643031] NET: Registered protocol family 17
[    2.645096] 9pnet: Installing 9P2000 support
[    2.645603] Key type dns_resolver registered
[    2.648237] registered taskstats version 1
[    2.648287] Loading compiled-in X.509 certificates
[    2.651458] 
[    2.651597] ********************************************************************
[    2.652058] **     NOTICE NOTICE NOTICE NOTICE NOTICE NOTICE NOTICE           **
[    2.652378] **                                                                **
[    2.652680] **  WRITEABLE clk DebugFS SUPPORT HAS BEEN ENABLED IN THIS KERNEL **
[    2.653258] **                                                                **
[    2.653636] ** This means that this kernel is built to expose clk operations  **
[    2.654087] ** such as parent or rate setting, enabling, disabling, etc.      **
[    2.654433] ** to userspace, which may compromise security on your system.    **
[    2.655166] **                                                                **
[    2.655663] ** If you see this message and you are not debugging the          **
[    2.656075] ** kernel, report this immediately to your vendor!                **
[    2.656413] **                                                                **
[    2.656854] **     NOTICE NOTICE NOTICE NOTICE NOTICE NOTICE NOTICE           **
[    2.657162] ********************************************************************
[    2.662384] ALSA device list:
[    2.662449]   No soundcards found.
[    2.666376] uart-pl011 9000000.pl011: no DMA platform data
[    2.747365] Freeing unused kernel memory: 6272K
[    2.749052] Run /init as init process
[    2.749089]   with arguments:
[    2.749118]     /init
[    2.749140]   with environment:
[    2.749165]     HOME=/
[    2.749212]     TERM=linux
[    2.884167] NOHZ tick-stop error: Non-RCU local softirq work is pending, handler #80!!!
[    2.894297] NOHZ tick-stop error: Non-RCU local softirq work is pending, handler #80!!!
[    2.903257] NOHZ tick-stop error: Non-RCU local softirq work is pending, handler #80!!!
[    2.913047] NOHZ tick-stop error: Non-RCU local softirq work is pending, handler #80!!!
[    2.942081] NOHZ tick-stop error: Non-RCU local softirq work is pending, handler #80!!!
[    2.943068] NOHZ tick-stop error: Non-RCU local softirq work is pending, handler #80!!!
[    2.947258] NOHZ tick-stop error: Non-RCU local softirq work is pending, handler #80!!!
[    2.954991] NOHZ tick-stop error: Non-RCU local softirq work is pending, handler #80!!!
[    2.973880] NOHZ tick-stop error: Non-RCU local softirq work is pending, handler #80!!!
[    2.977967] NOHZ tick-stop error: Non-RCU local softirq work is pending, handler #80!!!
[    3.054292] testgpu: first submit pt=(____ptrval____) ops=(____ptrval____) perprocess=1
[    3.054659] testgpu: ib gpuaddr=0x4000000000 size=24 first=0x703d8003 resolve=0x41800000
[    3.054910] testgpu: memwrite dst=0x4000009000 phys=0x41809000 value=0x5a5a5a5a
[    3.055411] testgpu: memwrite done phys=0x41809000 value=0x5a5a5a5a
[    3.062129] testgpu: ib gpuaddr=0x4000000000 size=32 first=0x70758005 resolve=0x41800000
[    3.372853] testgpu: ib gpuaddr=0x4000000000 size=32 first=0x70758005 resolve=0x41800000
[    3.703236] testgpu: ib gpuaddr=0x4000000000 size=32 first=0x70758005 resolve=0x41800000
[    3.709298] testgpu: ib gpuaddr=0x4000000000 size=32 first=0x70758005 resolve=0x41800000
[    3.715125] testgpu: ib gpuaddr=0x4000000000 size=32 first=0x70758005 resolve=0x41800000
[    3.721189] testgpu: ib gpuaddr=0x4000000000 size=32 first=0x70758005 resolve=0x41800000
[    3.728422] testgpu: ib gpuaddr=0x4000000000 size=32 first=0x70758005 resolve=0x41800000
[    3.736391] testgpu: ib gpuaddr=0x4000000000 size=32 first=0x70758005 resolve=0x41800000
[    3.741089] testgpu: ib gpuaddr=0x4000000000 size=32 first=0x70758005 resolve=0x41800000
[    8.186371] testgpu_ringbuffer_submitcmd: 97 callbacks suppressed
[    8.186708] testgpu: ib gpuaddr=0x4000000000 size=32 first=0x70758005 resolve=0x41800000
[    8.191924] testgpu: ib gpuaddr=0x4000000000 size=32 first=0x70758005 resolve=0x41800000
[    8.196949] testgpu: ib gpuaddr=0x4000000000 size=32 first=0x70758005 resolve=0x41800000
[    8.202240] testgpu: ib gpuaddr=0x4000000000 size=32 first=0x70758005 resolve=0x41800000
[    8.206368] testgpu: ib gpuaddr=0x4000000000 size=32 first=0x70758005 resolve=0x41800000
[    8.210937] testgpu: ib gpuaddr=0x4000000000 size=32 first=0x70758005 resolve=0x41800000
[    8.214976] testgpu: ib gpuaddr=0x4000000000 size=32 first=0x70758005 resolve=0x41800000
[    8.218605] testgpu: ib gpuaddr=0x4000000000 size=32 first=0x70758005 resolve=0x41800000
[    8.532594] testgpu: ib gpuaddr=0x4000000000 size=32 first=0x70758005 resolve=0x41800000
[    8.536501] testgpu: ib gpuaddr=0x4000000000 size=32 first=0x70758005 resolve=0x41800000
[   13.403691] testgpu_ringbuffer_submitcmd: 110 callbacks suppressed
[   13.403726] testgpu: ib gpuaddr=0x4000000000 size=32 first=0x70758005 resolve=0x41800000
[   13.408023] testgpu: ib gpuaddr=0x4000000000 size=32 first=0x70758005 resolve=0x41800000
[   13.412064] testgpu: ib gpuaddr=0x4000000000 size=32 first=0x70758005 resolve=0x41800000
[   13.416323] testgpu: ib gpuaddr=0x4000000000 size=32 first=0x70758005 resolve=0x41800000
[   13.420067] testgpu: ib gpuaddr=0x4000000000 size=32 first=0x70758005 resolve=0x41800000
[   13.423895] testgpu: ib gpuaddr=0x4000000000 size=32 first=0x70758005 resolve=0x41800000
[   13.428022] testgpu: ib gpuaddr=0x4000000000 size=32 first=0x70758005 resolve=0x41800000
[   13.432060] testgpu: ib gpuaddr=0x4000000000 size=32 first=0x70758005 resolve=0x41800000
[   13.748592] testgpu: ib gpuaddr=0x4000000000 size=32 first=0x70758005 resolve=0x41800000
[   13.752827] testgpu: ib gpuaddr=0x4000000000 size=32 first=0x70758005 resolve=0x41800000
[   18.604429] testgpu_ringbuffer_submitcmd: 110 callbacks suppressed
[   18.604452] testgpu: ib gpuaddr=0x4000000000 size=32 first=0x70758005 resolve=0x41800000
[   18.609518] testgpu: ib gpuaddr=0x4000000000 size=32 first=0x70758005 resolve=0x41800000
[   18.613575] testgpu: ib gpuaddr=0x4000000000 size=32 first=0x70758005 resolve=0x41800000
[   18.617529] testgpu: ib gpuaddr=0x4000000000 size=32 first=0x70758005 resolve=0x41800000
[   18.621626] testgpu: ib gpuaddr=0x4000000000 size=32 first=0x70758005 resolve=0x41800000
[   18.625996] testgpu: ib gpuaddr=0x4000000000 size=32 first=0x70758005 resolve=0x41800000
[   18.630554] testgpu: ib gpuaddr=0x4000000000 size=32 first=0x70758005 resolve=0x41800000
[   18.634440] testgpu: ib gpuaddr=0x4000000000 size=32 first=0x70758005 resolve=0x41800000
[   18.955563] testgpu: ib gpuaddr=0x4000000000 size=32 first=0x70758005 resolve=0x41800000
[   18.960751] testgpu: ib gpuaddr=0x4000000000 size=32 first=0x70758005 resolve=0x41800000
[   23.812363] testgpu_ringbuffer_submitcmd: 110 callbacks suppressed
[   23.812388] testgpu: ib gpuaddr=0x4000000000 size=32 first=0x70758005 resolve=0x41800000
[   23.816908] testgpu: ib gpuaddr=0x4000000000 size=32 first=0x70758005 resolve=0x41800000
[   23.821248] testgpu: ib gpuaddr=0x4000000000 size=32 first=0x70758005 resolve=0x41800000
[   23.824915] testgpu: ib gpuaddr=0x4000000000 size=32 first=0x70758005 resolve=0x41800000
[   23.828909] testgpu: ib gpuaddr=0x4000000000 size=32 first=0x70758005 resolve=0x41800000
[   23.832789] testgpu: ib gpuaddr=0x4000000000 size=32 first=0x70758005 resolve=0x41800000
[   23.837318] testgpu: ib gpuaddr=0x4000000000 size=32 first=0x70758005 resolve=0x41800000
[   23.840977] testgpu: ib gpuaddr=0x4000000000 size=32 first=0x70758005 resolve=0x41800000
[   24.154885] testgpu: ib gpuaddr=0x4000000000 size=32 first=0x70758005 resolve=0x41800000
[   24.159131] testgpu: ib gpuaddr=0x4000000000 size=32 first=0x70758005 resolve=0x41800000

--- credentials after the run ---
uid=10000(lab) gid=10000(kgsl) groups=10000(kgsl)

=== lab complete ===
[   25.695846] reboot: Power down
